// Jest Snapshot v1, https://goo.gl/fbAQLP

exports[`ItemDetails component renders ItemDetails 1`] = `
<DocumentFragment>
  <main
    class="ItemDetails"
    style="background-color: rgb(212, 208, 207); color: rgb(68, 75, 77);"
  >
    <article>
      Pokemon
    </article>
    <img
      alt="Pokemon"
    />
    <section
      class="details"
    >
      <p>
        Height: 
      </p>
      <p>
        Weight: 
      </p>
      <p>
        Primary Type: 
      </p>
      <p>
        Secondary Type: 
      </p>
      <p>
        Pokebase: 
      </p>
    </section>
  </main>
</DocumentFragment>
`;
